// Jest Snapshot v1, https://goo.gl/fbAQLP

exports[`App component only should be mounted correctly 1`] = `
<HashRouter>
  <Layout
    monoColumn={false}
  >
    <Wrapper />
    <main
      className="app-content"
    >
      <Switch>
        <Route
          component={[Function]}
          path="/intents"
        />
        <Redirect
          from="/"
          push={false}
          to="/intents"
        />
        <Redirect
          from="*"
          push={false}
          to="/intents"
        />
      </Switch>
    </main>
  </Layout>
  <IconSprite />
</HashRouter>
`;
